// Jest Snapshot v1, https://goo.gl/fbAQLP

exports[`TreeList should render TreeList 1`] = `
ShallowWrapper {
  Symbol(enzyme.__root__): [Circular],
  Symbol(enzyme.__unrendered__): <TreeList
    editable={false}
    headerJustify="flex-end"
    headerTitle=""
    treeListData={
      Object {
        "columns": Array [
          Object {
            "id": 1,
            "label": "",
          },
        ],
        "data": Array [
          Object {
            "collapsed": false,
            "columns": Array [],
            "id": 0,
            "label": "",
          },
        ],
        "treeListId": "treeListComponent",
      }
    }
  />,
  Symbol(enzyme.__renderer__): Object {
    "batchedUpdates": [Function],
    "getNode": [Function],
    "render": [Function],
    "simulateError": [Function],
    "simulateEvent": [Function],
    "unmount": [Function],
  },
  Symbol(enzyme.__node__): Object {
    "instance": null,
    "key": undefined,
    "nodeType": "function",
    "props": Object {
      "data": Array [
        Object {
          "collapsed": false,
          "columns": Array [],
          "id": 0,
          "label": "",
        },
      ],
      "editable": false,
      "headerJustify": "flex-end",
      "headerTitle": "",
      "treeListData": Object {
        "columns": Array [
          Object {
            "id": 1,
            "label": "",
          },
        ],
        "data": Array [
          Object {
            "collapsed": false,
            "columns": Array [],
            "id": 0,
            "label": "",
          },
        ],
        "treeListId": "treeListComponent",
      },
    },
    "ref": null,
    "rendered": null,
    "type": undefined,
  },
  Symbol(enzyme.__nodes__): Array [
    Object {
      "instance": null,
      "key": undefined,
      "nodeType": "function",
      "props": Object {
        "data": Array [
          Object {
            "collapsed": false,
            "columns": Array [],
            "id": 0,
            "label": "",
          },
        ],
        "editable": false,
        "headerJustify": "flex-end",
        "headerTitle": "",
        "treeListData": Object {
          "columns": Array [
            Object {
              "id": 1,
              "label": "",
            },
          ],
          "data": Array [
            Object {
              "collapsed": false,
              "columns": Array [],
              "id": 0,
              "label": "",
            },
          ],
          "treeListId": "treeListComponent",
        },
      },
      "ref": null,
      "rendered": null,
      "type": undefined,
    },
  ],
  Symbol(enzyme.__options__): Object {
    "adapter": ReactSixteenAdapter {
      "options": Object {
        "enableComponentDidUpdateOnSetState": true,
        "lifecycles": Object {
          "componentDidUpdate": Object {
            "onSetState": true,
          },
          "getDerivedStateFromProps": true,
          "getSnapshotBeforeUpdate": true,
          "setState": Object {
            "skipsComponentDidUpdateOnNullish": true,
          },
        },
      },
    },
  },
}
`;
